BL51 BANKED LINKER/LOCATER V6.22                                                        06/24/2020  23:27:48  PAGE 1


BL51 BANKED LINKER/LOCATER V6.22, INVOKED BY:
D:\SOFTWARE\KEIL\C51\BIN\BL51.EXE TEST.obj TO test1


INPUT MODULES INCLUDED:
  TEST.obj (TEST)


LINK MAP OF MODULE:  test1 (TEST)


            TYPE    BASE      LENGTH    RELOCATION   SEGMENT NAME
            -----------------------------------------------------

            * * * * * * *   D A T A   M E M O R Y   * * * * * * *
            REG     0000H     0008H     ABSOLUTE     "REG BANK 0"

            * * * * * * *   C O D E   M E M O R Y   * * * * * * *
            CODE    0000H     01B8H     ABSOLUTE     



SYMBOL TABLE OF MODULE:  test1 (TEST)

  VALUE           TYPE          NAME
  ----------------------------------

  -------         MODULE        TEST
  D:00E0H         SYMBOL        ACC
  C:00B1H         SYMBOL        D1
  C:00B3H         SYMBOL        D2
  C:00AFH         SYMBOL        DELAY
  C:006EH         SYMBOL        DOWN0
  C:0085H         SYMBOL        DOWN1
  B:00A8H.7       SYMBOL        EA
  B:00A8H.0       SYMBOL        EX0
  C:0049H         SYMBOL        INT00
  C:005AH         SYMBOL        INTIR
  C:0063H         SYMBOL        IR0
  C:007AH         SYMBOL        IR1
  C:0093H         SYMBOL        IR2
  B:0088H.0       SYMBOL        IT0
  C:0040H         SYMBOL        MAIN
  D:0090H         SYMBOL        P1
  D:00D0H         SYMBOL        PSW
  C:009CH         SYMBOL        SEARCH
  D:0081H         SYMBOL        SP
  C:00B8H         SYMBOL        TABLE
  C:0067H         SYMBOL        UP0
  C:007CH         SYMBOL        UP1
  C:00AAH         SYMBOL        VALUE_SEARCH
  C:0000H         LINE#         21
  C:0003H         LINE#         23
  C:0040H         LINE#         26
  C:0043H         LINE#         27
  C:0045H         LINE#         28
  C:0047H         LINE#         29
  C:0049H         LINE#         31
BL51 BANKED LINKER/LOCATER V6.22                                                      06/24/2020  23:27:48  PAGE 2


  C:004BH         LINE#         32
  C:004DH         LINE#         33
  C:004FH         LINE#         34
  C:0051H         LINE#         35
  C:0054H         LINE#         36
  C:0057H         LINE#         37
  C:005AH         LINE#         39
  C:005CH         LINE#         40
  C:005EH         LINE#         41
  C:0060H         LINE#         42
  C:0062H         LINE#         43
  C:0063H         LINE#         46
  C:0065H         LINE#         47
  C:0067H         LINE#         49
  C:0068H         LINE#         50
  C:006BH         LINE#         51
  C:006CH         LINE#         52
  C:006EH         LINE#         54
  C:006FH         LINE#         55
  C:0070H         LINE#         56
  C:0073H         LINE#         57
  C:0075H         LINE#         58
  C:0077H         LINE#         59
  C:007AH         LINE#         62
  C:007CH         LINE#         64
  C:007EH         LINE#         65
  C:007FH         LINE#         66
  C:0082H         LINE#         67
  C:0085H         LINE#         69
  C:0087H         LINE#         70
  C:0088H         LINE#         71
  C:008BH         LINE#         72
  C:008EH         LINE#         73
  C:0090H         LINE#         74
  C:0093H         LINE#         77
  C:0095H         LINE#         78
  C:0097H         LINE#         79
  C:0099H         LINE#         80
  C:009CH         LINE#         83
  C:009DH         LINE#         84
  C:00A0H         LINE#         85
  C:00A1H         LINE#         86
  C:00A4H         LINE#         87
  C:00A5H         LINE#         88
  C:00A7H         LINE#         89
  C:00AAH         LINE#         93
  C:00ADH         LINE#         94
  C:00AEH         LINE#         95
  C:00AFH         LINE#         98
  C:00B1H         LINE#         100
  C:00B3H         LINE#         102
  C:00B5H         LINE#         103
  C:00B7H         LINE#         104
  -------         ENDMOD        TEST

Program Size: data=8.0 xdata=0 code=440
LINK/LOCATE RUN COMPLETE.  0 WARNING(S),  0 ERROR(S)
